Archive member included because of file (symbol)

lib/orangescrt.a(printf.o)    kernel/main.o (printf)
lib/orangescrt.a(vsprintf.o)  kernel/main.o (vsprintf)
lib/orangescrt.a(string.o)    kernel/start.o (memcpy)
lib/orangescrt.a(misc.o)      kernel/main.o (send_recv)
lib/orangescrt.a(open.o)      kernel/main.o (open)
lib/orangescrt.a(read.o)      kernel/main.o (read)
lib/orangescrt.a(write.o)     kernel/main.o (write)
lib/orangescrt.a(close.o)     kernel/main.o (close)
lib/orangescrt.a(getpid.o)    kernel/main.o (getpid)
lib/orangescrt.a(stat.o)      mm/exec.o (stat)
lib/orangescrt.a(fork.o)      kernel/main.o (fork)
lib/orangescrt.a(wait.o)      kernel/main.o (wait)
lib/orangescrt.a(exec.o)      kernel/main.o (execv)
lib/orangescrt.a(syscall.o)   lib/orangescrt.a(misc.o) (sendrec)

Allocating common symbols
Common symbol       size              file

idt_ptr             0x6               kernel/global.o
headofwait          0x4               kernel/global.o
inode_table         0xb00             kernel/global.o
task_stack          0x28000           kernel/global.o
k_reenter           0x4               kernel/global.o
gdt                 0x400             kernel/global.o
current_console     0x4               kernel/global.o
headofblock         0x4               kernel/global.o
pcaller             0x4               kernel/global.o
tty_table           0xc6c             kernel/global.o
tss                 0x68              kernel/global.o
fs_msg              0x30              kernel/global.o
memory_size         0x4               kernel/global.o
f_desc_table        0x400             kernel/global.o
root_inode          0x4               kernel/global.o
disp_pos            0x4               kernel/global.o
mm_msg              0x30              kernel/global.o
key_pressed         0x4               kernel/global.o
gdt_ptr             0x6               kernel/global.o
idt                 0x800             kernel/global.o
super_block         0x1e0             kernel/global.o
semaphore_table     0x1a0             kernel/global.o
PARTITION_ENTRY     0x10              kernel/hd.o
ticks               0x4               kernel/global.o
console_table       0x3c              kernel/global.o
irq_table           0x40              kernel/global.o
p_proc_ready        0x4               kernel/global.o
proc_table          0x3d28            kernel/global.o

Discarded input sections

 .note.GNU-stack
                0x0000000000000000        0x0 kernel/start.o
 .note.GNU-stack
                0x0000000000000000        0x0 kernel/main.o
 .note.GNU-stack
                0x0000000000000000        0x0 kernel/clock.o
 .note.GNU-stack
                0x0000000000000000        0x0 kernel/keyboard.o
 .note.GNU-stack
                0x0000000000000000        0x0 kernel/tty.o
 .note.GNU-stack
                0x0000000000000000        0x0 kernel/console.o
 .note.GNU-stack
                0x0000000000000000        0x0 kernel/i8259.o
 .note.GNU-stack
                0x0000000000000000        0x0 kernel/global.o
 .note.GNU-stack
                0x0000000000000000        0x0 kernel/protect.o
 .note.GNU-stack
                0x0000000000000000        0x0 kernel/proc.o
 .note.GNU-stack
                0x0000000000000000        0x0 kernel/systask.o
 .note.GNU-stack
                0x0000000000000000        0x0 kernel/hd.o
 .note.GNU-stack
                0x0000000000000000        0x0 kernel/klib.o
 .note.GNU-stack
                0x0000000000000000        0x0 kernel/signal.o
 .note.GNU-stack
                0x0000000000000000        0x0 lib/syslog.o
 .note.GNU-stack
                0x0000000000000000        0x0 mm/main.o
 .note.GNU-stack
                0x0000000000000000        0x0 mm/forkexit.o
 .note.GNU-stack
                0x0000000000000000        0x0 mm/exec.o
 .note.GNU-stack
                0x0000000000000000        0x0 fs/main.o
 .note.GNU-stack
                0x0000000000000000        0x0 fs/open.o
 .note.GNU-stack
                0x0000000000000000        0x0 fs/misc.o
 .note.GNU-stack
                0x0000000000000000        0x0 fs/read_write.o
 .note.GNU-stack
                0x0000000000000000        0x0 fs/link.o
 .note.GNU-stack
                0x0000000000000000        0x0 fs/disklog.o
 .note.GNU-stack
                0x0000000000000000        0x0 lib/orangescrt.a(printf.o)
 .note.GNU-stack
                0x0000000000000000        0x0 lib/orangescrt.a(vsprintf.o)
 .note.GNU-stack
                0x0000000000000000        0x0 lib/orangescrt.a(misc.o)
 .note.GNU-stack
                0x0000000000000000        0x0 lib/orangescrt.a(open.o)
 .note.GNU-stack
                0x0000000000000000        0x0 lib/orangescrt.a(read.o)
 .note.GNU-stack
                0x0000000000000000        0x0 lib/orangescrt.a(write.o)
 .note.GNU-stack
                0x0000000000000000        0x0 lib/orangescrt.a(close.o)
 .note.GNU-stack
                0x0000000000000000        0x0 lib/orangescrt.a(getpid.o)
 .note.GNU-stack
                0x0000000000000000        0x0 lib/orangescrt.a(stat.o)
 .note.GNU-stack
                0x0000000000000000        0x0 lib/orangescrt.a(fork.o)
 .note.GNU-stack
                0x0000000000000000        0x0 lib/orangescrt.a(wait.o)
 .note.GNU-stack
                0x0000000000000000        0x0 lib/orangescrt.a(exec.o)

Memory Configuration

Name             Origin             Length             Attributes
*default*        0x0000000000000000 0xffffffffffffffff

Linker script and memory map

Address of section .text set to 0x1000
LOAD kernel/kernel.o
LOAD kernel/start.o
LOAD kernel/main.o
LOAD kernel/clock.o
LOAD kernel/keyboard.o
LOAD kernel/tty.o
LOAD kernel/console.o
LOAD kernel/i8259.o
LOAD kernel/global.o
LOAD kernel/protect.o
LOAD kernel/proc.o
LOAD kernel/systask.o
LOAD kernel/hd.o
LOAD kernel/kliba.o
LOAD kernel/klib.o
LOAD kernel/signal.o
LOAD lib/syslog.o
LOAD mm/main.o
LOAD mm/forkexit.o
LOAD mm/exec.o
LOAD fs/main.o
LOAD fs/open.o
LOAD fs/misc.o
LOAD fs/read_write.o
LOAD fs/link.o
LOAD fs/disklog.o
LOAD lib/orangescrt.a
                0x0000000008048000                PROVIDE (__executable_start, 0x8048000)
                0x0000000008048094                . = (0x8048000 + SIZEOF_HEADERS)

.interp
 *(.interp)

.note.gnu.build-id
 *(.note.gnu.build-id)

.hash
 *(.hash)

.gnu.hash
 *(.gnu.hash)

.dynsym
 *(.dynsym)

.dynstr
 *(.dynstr)

.gnu.version
 *(.gnu.version)

.gnu.version_d
 *(.gnu.version_d)

.gnu.version_r
 *(.gnu.version_r)

.rel.dyn        0x0000000008048094        0x0
 *(.rel.init)
 *(.rel.text .rel.text.* .rel.gnu.linkonce.t.*)
 .rel.text      0x0000000000000000        0x0 kernel/kernel.o
 *(.rel.fini)
 *(.rel.rodata .rel.rodata.* .rel.gnu.linkonce.r.*)
 *(.rel.data.rel.ro* .rel.gnu.linkonce.d.rel.ro.*)
 *(.rel.data .rel.data.* .rel.gnu.linkonce.d.*)
 .rel.data      0x0000000000000000        0x0 kernel/kernel.o
 *(.rel.tdata .rel.tdata.* .rel.gnu.linkonce.td.*)
 *(.rel.tbss .rel.tbss.* .rel.gnu.linkonce.tb.*)
 *(.rel.ctors)
 *(.rel.dtors)
 *(.rel.got)
 *(.rel.bss .rel.bss.* .rel.gnu.linkonce.b.*)
 *(.rel.ifunc)

.rel.plt        0x0000000008048094        0x0
 *(.rel.plt)
                0x0000000008048094                PROVIDE (__rel_iplt_start, .)
 *(.rel.iplt)
 .rel.iplt      0x0000000000000000        0x0 kernel/kernel.o
                0x0000000008048094                PROVIDE (__rel_iplt_end, .)

.init
 *(.init)

.plt            0x0000000008048094        0x0
 *(.plt)
 *(.iplt)
 .iplt          0x0000000000000000        0x0 kernel/kernel.o

.text           0x0000000000001000     0xd7e8
 *(.text.unlikely .text.*_unlikely)
 *(.text .stub .text.* .gnu.linkonce.t.*)
 .text          0x0000000000001000      0x49d kernel/kernel.o
                0x0000000000001000                _start
                0x0000000000001040                hwint00
                0x0000000000001070                hwint01
                0x00000000000010a0                hwint02
                0x00000000000010d0                hwint03
                0x0000000000001100                hwint04
                0x0000000000001130                hwint05
                0x0000000000001160                hwint06
                0x0000000000001190                hwint07
                0x00000000000011c0                hwint08
                0x00000000000011f0                hwint09
                0x0000000000001220                hwint10
                0x0000000000001250                hwint11
                0x0000000000001280                hwint12
                0x00000000000012b0                hwint13
                0x00000000000012e0                hwint14
                0x0000000000001310                hwint15
                0x0000000000001337                divide_error
                0x0000000000001346                single_step_exception
                0x0000000000001355                nmi
                0x0000000000001364                breakpoint_exception
                0x0000000000001373                overflow
                0x0000000000001382                bounds_check
                0x0000000000001391                inval_opcode
                0x00000000000013a0                copr_not_available
                0x00000000000013af                double_fault
                0x00000000000013b9                copr_seg_overrun
                0x00000000000013c8                inval_tss
                0x00000000000013d2                segment_not_present
                0x00000000000013dc                stack_exception
                0x00000000000013e6                general_protection
                0x00000000000013f0                page_fault
                0x00000000000013fa                copr_error
                0x0000000000001452                sys_call
                0x0000000000001475                restart
 *fill*         0x000000000000149d        0x3 90909090
 .text          0x00000000000014a0       0x8e kernel/start.o
                0x00000000000014a0                cstart
 *fill*         0x000000000000152e        0x2 90909090
 .text          0x0000000000001530      0x9be kernel/main.o
                0x000000000000157d                kernel_main
                0x00000000000018da                get_ticks
                0x0000000000001912                untar
                0x0000000000001adb                shabby_shell
                0x0000000000001d17                Init
                0x0000000000001e8c                TestA
                0x0000000000001e91                TestB
                0x0000000000001e96                TestC
                0x0000000000001e9b                panic
 *fill*         0x0000000000001eee        0x2 90909090
 .text          0x0000000000001ef0      0x118 kernel/clock.o
                0x0000000000001ef0                clock_handler
                0x0000000000001f6a                milli_delay
                0x0000000000001fa4                init_clock
 .text          0x0000000000002008      0x6c4 kernel/keyboard.o
                0x0000000000002008                keyboard_handler
                0x0000000000002071                init_keyboard
                0x0000000000002120                keyboard_read
 .text          0x00000000000026cc      0x9d1 kernel/tty.o
                0x00000000000026cc                task_tty
                0x0000000000002884                in_process
                0x0000000000002da1                sys_printx
                0x0000000000002f42                dump_tty_buf
 *fill*         0x000000000000309d        0x3 90909090
 .text          0x00000000000030a0      0x80f kernel/console.o
                0x00000000000030a0                init_screen
                0x0000000000003216                out_char
                0x0000000000003513                is_current_console
                0x0000000000003609                select_console
                0x0000000000003649                scroll_screen
 *fill*         0x00000000000038af        0x1 90909090
 .text          0x00000000000038b0      0x13c kernel/i8259.o
                0x00000000000038b0                init_8259A
                0x00000000000039a1                spurious_irq
                0x00000000000039cc                put_irq_handler
 .text          0x00000000000039ec        0x0 kernel/global.o
 .text          0x00000000000039ec      0xf74 kernel/protect.o
                0x00000000000039ec                init_prot
                0x0000000000004045                seg2linear
                0x0000000000004094                init_desc
                0x0000000000004100                exception_handler
 .text          0x0000000000004960     0x18c3 kernel/proc.o
                0x0000000000004960                schedule
                0x00000000000049eb                sys_sendrec
                0x0000000000004b4a                ldt_seg_linear
                0x0000000000004b8e                va2la
                0x0000000000004bfb                reset_msg
                0x0000000000005bdf                inform_int
                0x0000000000005d76                dump_proc
                0x00000000000060dc                dump_msg
 *fill*         0x0000000000006223        0x1 90909090
 .text          0x0000000000006224      0x2d3 kernel/systask.o
                0x0000000000006224                task_sys
 *fill*         0x00000000000064f7        0x1 90909090
 .text          0x00000000000064f8      0xbd6 kernel/hd.o
                0x00000000000064f8                task_hd
                0x00000000000070a9                hd_handler
 *fill*         0x00000000000070ce        0x2 90909090
 .text          0x00000000000070d0      0x1b4 kernel/kliba.o
                0x00000000000070d0                disp_str
                0x0000000000007117                disp_color_str
                0x000000000000715f                out_byte
                0x000000000000716b                in_byte
                0x0000000000007175                port_read
                0x0000000000007188                port_write
                0x000000000000719b                disable_irq
                0x00000000000071d0                enable_irq
                0x00000000000071ef                disable_int
                0x00000000000071f1                enable_int
                0x00000000000071f3                glitter
 .text          0x0000000000007284      0x2e5 kernel/klib.o
                0x0000000000007284                get_boot_params
                0x0000000000007333                get_kernel_map
                0x0000000000007454                itoa
                0x00000000000074fe                disp_int
                0x0000000000007523                delay
 *fill*         0x0000000000007569        0x3 90909090
 .text          0x000000000000756c      0x38a kernel/signal.o
                0x00000000000075a1                initsemaphore
                0x000000000000765d                signal_wait
                0x00000000000077cb                signal
                0x0000000000007865                task_signal
 *fill*         0x00000000000078f6        0x2 90909090
 .text          0x00000000000078f8       0x78 lib/syslog.o
                0x00000000000078f8                syslog
 .text          0x0000000000007970      0x1d7 mm/main.o
                0x0000000000007970                task_mm
                0x0000000000007ab7                alloc_mem
                0x0000000000007b3d                free_mem
 *fill*         0x0000000000007b47        0x1 90909090
 .text          0x0000000000007b48      0x616 mm/forkexit.o
                0x0000000000007b48                do_fork
                0x0000000000007ee3                do_exit
                0x00000000000080a7                do_wait
 *fill*         0x000000000000815e        0x2 90909090
 .text          0x0000000000008160      0x38e mm/exec.o
                0x0000000000008160                do_exec
 *fill*         0x00000000000084ee        0x2 90909090
 .text          0x00000000000084f0     0x12d5 fs/main.o
                0x00000000000084f0                task_fs
                0x000000000000910d                rw_sector
                0x0000000000009380                get_super_block
                0x00000000000093c7                get_inode
                0x0000000000009544                put_inode
                0x0000000000009589                sync_inode
 *fill*         0x00000000000097c5        0x3 90909090
 .text          0x00000000000097c8      0xb85 fs/open.o
                0x00000000000097c8                do_open
                0x0000000000009c5c                do_close
                0x0000000000009cd3                do_lseek
 *fill*         0x000000000000a34d        0x3 90909090
 .text          0x000000000000a350      0x3fa fs/misc.o
                0x000000000000a350                do_stat
                0x000000000000a53e                search_file
                0x000000000000a6be                strip_path
 *fill*         0x000000000000a74a        0x2 90909090
 .text          0x000000000000a74c      0x537 fs/read_write.o
                0x000000000000a74c                do_rdwt
 *fill*         0x000000000000ac83        0x1 90909090
 .text          0x000000000000ac84      0x950 fs/link.o
                0x000000000000ac84                do_unlink
 .text          0x000000000000b5d4     0x25be fs/disklog.o
                0x000000000000b5d4                disklog
                0x000000000000bc56                dump_fd_graph
 *fill*         0x000000000000db92        0x2 90909090
 .text          0x000000000000db94       0xc6 lib/orangescrt.a(printf.o)
                0x000000000000db94                printf
                0x000000000000dc16                printl
 *fill*         0x000000000000dc5a        0x2 90909090
 .text          0x000000000000dc5c      0x31c lib/orangescrt.a(vsprintf.o)
                0x000000000000dcc7                vsprintf
                0x000000000000df4e                sprintf
 *fill*         0x000000000000df78        0x8 90909090
 .text          0x000000000000df80       0x87 lib/orangescrt.a(string.o)
                0x000000000000df80                memcpy
                0x000000000000dfaf                memset
                0x000000000000dfd6                strcpy
                0x000000000000dfee                strlen
 *fill*         0x000000000000e007        0x1 90909090
 .text          0x000000000000e008      0x28f lib/orangescrt.a(misc.o)
                0x000000000000e008                send_recv
                0x000000000000e0e6                memcmp
                0x000000000000e160                strcmp
                0x000000000000e1d7                strcat
                0x000000000000e236                spin
                0x000000000000e251                assertion_failure
 *fill*         0x000000000000e297        0x1 90909090
 .text          0x000000000000e298       0x73 lib/orangescrt.a(open.o)
                0x000000000000e298                open
 *fill*         0x000000000000e30b        0x1 90909090
 .text          0x000000000000e30c       0x3f lib/orangescrt.a(read.o)
                0x000000000000e30c                read
 *fill*         0x000000000000e34b        0x1 90909090
 .text          0x000000000000e34c       0x3f lib/orangescrt.a(write.o)
                0x000000000000e34c                write
 *fill*         0x000000000000e38b        0x1 90909090
 .text          0x000000000000e38c       0x33 lib/orangescrt.a(close.o)
                0x000000000000e38c                close
 *fill*         0x000000000000e3bf        0x1 90909090
 .text          0x000000000000e3c0       0x59 lib/orangescrt.a(getpid.o)
                0x000000000000e3c0                getpid
 *fill*         0x000000000000e419        0x3 90909090
 .text          0x000000000000e41c       0x73 lib/orangescrt.a(stat.o)
                0x000000000000e41c                stat
 *fill*         0x000000000000e48f        0x1 90909090
 .text          0x000000000000e490       0x84 lib/orangescrt.a(fork.o)
                0x000000000000e490                fork
 .text          0x000000000000e514       0x44 lib/orangescrt.a(wait.o)
                0x000000000000e514                wait
 .text          0x000000000000e558      0x260 lib/orangescrt.a(exec.o)
                0x000000000000e558                exec
                0x000000000000e5d3                execl
                0x000000000000e5f9                execv
 *fill*         0x000000000000e7b8        0x8 90909090
 .text          0x000000000000e7c0       0x28 lib/orangescrt.a(syscall.o)
                0x000000000000e7c0                sendrec
                0x000000000000e7da                printx
 *(.gnu.warning)

.fini
 *(.fini)
                0x000000000000e7e8                PROVIDE (__etext, .)
                0x000000000000e7e8                PROVIDE (_etext, .)
                0x000000000000e7e8                PROVIDE (etext, .)

.rodata         0x000000000000e7e8     0x1fb3
 *(.rodata .rodata.* .gnu.linkonce.r.*)
 .rodata        0x000000000000e7e8       0x47 kernel/start.o
 *fill*         0x000000000000e82f        0x1 00
 .rodata        0x000000000000e830      0x190 kernel/main.o
 .rodata        0x000000000000e9c0       0x64 kernel/keyboard.o
 .rodata        0x000000000000ea24      0x13c kernel/tty.o
 .rodata        0x000000000000eb60       0x5b kernel/console.o
 .rodata        0x000000000000ebbb       0x11 kernel/i8259.o
 .rodata        0x000000000000ebcc       0x10 kernel/global.o
                0x000000000000ebcc                FSBUF_SIZE
                0x000000000000ebd0                MMBUF_SIZE
                0x000000000000ebd4                LOGBUF_SIZE
                0x000000000000ebd8                LOGDISKBUF_SIZE
 .rodata        0x000000000000ebdc       0x65 kernel/protect.o
 *fill*         0x000000000000ec41        0x3 00
 .rodata        0x000000000000ec44      0x5da kernel/proc.o
 .rodata        0x000000000000f21e       0x11 kernel/systask.o
 *fill*         0x000000000000f22f        0x1 00
 .rodata        0x000000000000f230       0xf3 kernel/hd.o
 *fill*         0x000000000000f323        0x1 00
 .rodata        0x000000000000f324       0x6a kernel/klib.o
 .rodata        0x000000000000f38e       0x89 kernel/signal.o
 .rodata        0x000000000000f417       0x1e lib/syslog.o
 *fill*         0x000000000000f435        0x3 00
 .rodata        0x000000000000f438       0xb1 mm/main.o
 *fill*         0x000000000000f4e9        0x3 00
 .rodata        0x000000000000f4ec       0xe7 mm/forkexit.o
 *fill*         0x000000000000f5d3        0x1 00
 .rodata        0x000000000000f5d4       0xa4 mm/exec.o
 .rodata        0x000000000000f678      0x282 fs/main.o
 *fill*         0x000000000000f8fa        0x2 00
 .rodata        0x000000000000f8fc      0x13c fs/open.o
 .rodata        0x000000000000fa38       0x60 fs/misc.o
 .rodata        0x000000000000fa98      0x164 fs/read_write.o
 .rodata        0x000000000000fbfc      0x1ad fs/link.o
 *fill*         0x000000000000fda9        0x3 00
 .rodata        0x000000000000fdac      0x806 fs/disklog.o
 .rodata        0x00000000000105b2       0x14 lib/orangescrt.a(printf.o)
 *fill*         0x00000000000105c6        0x2 00
 .rodata        0x00000000000105c8       0xad lib/orangescrt.a(misc.o)
 .rodata        0x0000000000010675       0x23 lib/orangescrt.a(open.o)
 .rodata        0x0000000000010698       0x25 lib/orangescrt.a(getpid.o)
 .rodata        0x00000000000106bd       0x23 lib/orangescrt.a(stat.o)
 .rodata        0x00000000000106e0       0x33 lib/orangescrt.a(fork.o)
 *fill*         0x0000000000010713        0x1 00
 .rodata        0x0000000000010714       0x87 lib/orangescrt.a(exec.o)

.rodata1
 *(.rodata1)

.eh_frame_hdr
 *(.eh_frame_hdr)

.eh_frame
 *(.eh_frame)

.gcc_except_table
 *(.gcc_except_table .gcc_except_table.*)
                0x000000000001079b                . = (ALIGN (0x1000) - ((0x1000 - .) & 0xfff))
                0x000000000001179b                . = DATA_SEGMENT_ALIGN (0x1000, 0x1000)

.eh_frame
 *(.eh_frame)

.gcc_except_table
 *(.gcc_except_table .gcc_except_table.*)

.tdata
 *(.tdata .tdata.* .gnu.linkonce.td.*)

.tbss
 *(.tbss .tbss.* .gnu.linkonce.tb.*)
 *(.tcommon)

.preinit_array  0x000000000001179b        0x0
                0x000000000001179b                PROVIDE (__preinit_array_start, .)
 *(.preinit_array)
                0x000000000001179b                PROVIDE (__preinit_array_end, .)

.init_array     0x000000000001179b        0x0
                0x000000000001179b                PROVIDE (__init_array_start, .)
 *(SORT(.init_array.*))
 *(.init_array)
                0x000000000001179b                PROVIDE (__init_array_end, .)

.fini_array     0x000000000001179b        0x0
                0x000000000001179b                PROVIDE (__fini_array_start, .)
 *(SORT(.fini_array.*))
 *(.fini_array)
                0x000000000001179b                PROVIDE (__fini_array_end, .)

.ctors
 *crtbegin.o(.ctors)
 *crtbegin?.o(.ctors)
 *(EXCLUDE_FILE(*crtend?.o *crtend.o) .ctors)
 *(SORT(.ctors.*))
 *(.ctors)

.dtors
 *crtbegin.o(.dtors)
 *crtbegin?.o(.dtors)
 *(EXCLUDE_FILE(*crtend?.o *crtend.o) .dtors)
 *(SORT(.dtors.*))
 *(.dtors)

.jcr
 *(.jcr)

.data.rel.ro
 *(.data.rel.ro.local* .gnu.linkonce.d.rel.ro.local.*)
 *(.data.rel.ro* .gnu.linkonce.d.rel.ro.*)

.dynamic
 *(.dynamic)

.got
 *(.got)
 *(.igot)
                0x000000000001179b                . = DATA_SEGMENT_RELRO_END (., 0xc)

.got.plt        0x000000000001179c        0x0 load address 0x000000000001179b
 *(.got.plt)
 *(.igot.plt)
 .igot.plt      0x0000000000000000        0x0 kernel/kernel.o

.data           0x00000000000117a0      0x834
 *(.data .data.* .gnu.linkonce.d.*)
 .data          0x00000000000117a0        0x2 kernel/kernel.o
 *fill*         0x00000000000117a2        0x2 00
 .data          0x00000000000117a4        0x0 kernel/start.o
 .data          0x00000000000117a4        0x0 kernel/main.o
 .data          0x00000000000117a4        0x0 kernel/clock.o
 *fill*         0x00000000000117a4       0x1c 00
 .data          0x00000000000117c0      0x600 kernel/keyboard.o
                0x00000000000117c0                keymap
 .data          0x0000000000011dc0       0x22 kernel/tty.o
 *fill*         0x0000000000011de2        0x2 00
 .data          0x0000000000011de4        0x0 kernel/console.o
 .data          0x0000000000011de4        0x0 kernel/i8259.o
 *fill*         0x0000000000011de4       0x1c 00
 .data          0x0000000000011e00      0x1d4 kernel/global.o
                0x0000000000011e00                task_table
                0x0000000000011f00                user_proc_table
                0x0000000000011fa0                sys_call_table
                0x0000000000011fac                dd_map
                0x0000000000011fc4                fsbuf
                0x0000000000011fc8                mmbuf
                0x0000000000011fcc                logbuf
                0x0000000000011fd0                logdiskbuf
 .data          0x0000000000011fd4        0x0 kernel/protect.o
 .data          0x0000000000011fd4        0x0 kernel/proc.o
 .data          0x0000000000011fd4        0x0 kernel/systask.o
 .data          0x0000000000011fd4        0x0 kernel/hd.o
 .data          0x0000000000011fd4        0x0 kernel/klib.o
 .data          0x0000000000011fd4        0x0 kernel/signal.o
 .data          0x0000000000011fd4        0x0 lib/syslog.o
 .data          0x0000000000011fd4        0x0 mm/main.o
 .data          0x0000000000011fd4        0x0 mm/forkexit.o
 .data          0x0000000000011fd4        0x0 mm/exec.o
 .data          0x0000000000011fd4        0x0 fs/main.o
 .data          0x0000000000011fd4        0x0 fs/open.o
 .data          0x0000000000011fd4        0x0 fs/misc.o
 .data          0x0000000000011fd4        0x0 fs/read_write.o
 .data          0x0000000000011fd4        0x0 fs/link.o
 .data          0x0000000000011fd4        0x0 fs/disklog.o
 .data          0x0000000000011fd4        0x0 lib/orangescrt.a(printf.o)
 .data          0x0000000000011fd4        0x0 lib/orangescrt.a(vsprintf.o)
 .data          0x0000000000011fd4        0x0 lib/orangescrt.a(misc.o)
 .data          0x0000000000011fd4        0x0 lib/orangescrt.a(open.o)
 .data          0x0000000000011fd4        0x0 lib/orangescrt.a(read.o)
 .data          0x0000000000011fd4        0x0 lib/orangescrt.a(write.o)
 .data          0x0000000000011fd4        0x0 lib/orangescrt.a(close.o)
 .data          0x0000000000011fd4        0x0 lib/orangescrt.a(getpid.o)
 .data          0x0000000000011fd4        0x0 lib/orangescrt.a(stat.o)
 .data          0x0000000000011fd4        0x0 lib/orangescrt.a(fork.o)
 .data          0x0000000000011fd4        0x0 lib/orangescrt.a(wait.o)
 .data          0x0000000000011fd4        0x0 lib/orangescrt.a(exec.o)

.data1
 *(.data1)
                0x0000000000011fd4                _edata = .
                0x0000000000011fd4                PROVIDE (edata, .)
                0x0000000000011fd4                __bss_start = .

.bss            0x0000000000011fe0    0x2fb58
 *(.dynbss)
 *(.bss .bss.* .gnu.linkonce.b.*)
 .bss           0x0000000000011fe0      0x800 kernel/kernel.o
 .bss           0x00000000000127e0        0x0 kernel/start.o
 .bss           0x00000000000127e0        0x0 kernel/main.o
 .bss           0x00000000000127e0        0x0 kernel/clock.o
 .bss           0x00000000000127e0       0x58 kernel/keyboard.o
 .bss           0x0000000000012838        0x0 kernel/tty.o
 .bss           0x0000000000012838        0x0 kernel/console.o
 .bss           0x0000000000012838        0x0 kernel/i8259.o
 .bss           0x0000000000012838        0x0 kernel/global.o
 .bss           0x0000000000012838        0x0 kernel/protect.o
 .bss           0x0000000000012838        0x0 kernel/proc.o
 .bss           0x0000000000012838        0x0 kernel/systask.o
 *fill*         0x0000000000012838        0x8 00
 .bss           0x0000000000012840      0x64c kernel/hd.o
 .bss           0x0000000000012e8c        0x0 kernel/klib.o
 .bss           0x0000000000012e8c        0x0 kernel/signal.o
 .bss           0x0000000000012e8c        0x0 lib/syslog.o
 .bss           0x0000000000012e8c        0x0 mm/main.o
 .bss           0x0000000000012e8c        0x0 mm/forkexit.o
 .bss           0x0000000000012e8c        0x0 mm/exec.o
 .bss           0x0000000000012e8c        0x0 fs/main.o
 .bss           0x0000000000012e8c        0x0 fs/open.o
 .bss           0x0000000000012e8c        0x0 fs/misc.o
 .bss           0x0000000000012e8c        0x0 fs/read_write.o
 .bss           0x0000000000012e8c        0x0 fs/link.o
 *fill*         0x0000000000012e8c       0x14 00
 .bss           0x0000000000012ea0      0x208 fs/disklog.o
 .bss           0x00000000000130a8        0x0 lib/orangescrt.a(printf.o)
 .bss           0x00000000000130a8        0x0 lib/orangescrt.a(vsprintf.o)
 .bss           0x00000000000130a8        0x0 lib/orangescrt.a(misc.o)
 .bss           0x00000000000130a8        0x0 lib/orangescrt.a(open.o)
 .bss           0x00000000000130a8        0x0 lib/orangescrt.a(read.o)
 .bss           0x00000000000130a8        0x0 lib/orangescrt.a(write.o)
 .bss           0x00000000000130a8        0x0 lib/orangescrt.a(close.o)
 .bss           0x00000000000130a8        0x0 lib/orangescrt.a(getpid.o)
 .bss           0x00000000000130a8        0x0 lib/orangescrt.a(stat.o)
 .bss           0x00000000000130a8        0x0 lib/orangescrt.a(fork.o)
 .bss           0x00000000000130a8        0x0 lib/orangescrt.a(wait.o)
 .bss           0x00000000000130a8        0x0 lib/orangescrt.a(exec.o)
 *(COMMON)
 *fill*         0x00000000000130a8       0x18 00
 COMMON         0x00000000000130c0    0x2ea68 kernel/global.o
                0x00000000000130c0                idt_ptr
                0x00000000000130c8                headofwait
                0x00000000000130e0                inode_table
                0x0000000000013be0                task_stack
                0x000000000003bbe0                k_reenter
                0x000000000003bc00                gdt
                0x000000000003c000                current_console
                0x000000000003c004                headofblock
                0x000000000003c008                pcaller
                0x000000000003c020                tty_table
                0x000000000003cca0                tss
                0x000000000003cd20                fs_msg
                0x000000000003cd50                memory_size
                0x000000000003cd60                f_desc_table
                0x000000000003d160                root_inode
                0x000000000003d164                disp_pos
                0x000000000003d180                mm_msg
                0x000000000003d1b0                key_pressed
                0x000000000003d1b4                gdt_ptr
                0x000000000003d1c0                idt
                0x000000000003d9c0                super_block
                0x000000000003dba0                semaphore_table
                0x000000000003dd40                ticks
                0x000000000003dd60                console_table
                0x000000000003dda0                irq_table
                0x000000000003dde0                p_proc_ready
                0x000000000003de00                proc_table
 COMMON         0x0000000000041b28       0x10 kernel/hd.o
                0x0000000000041b28                PARTITION_ENTRY
                0x0000000000041b38                . = ALIGN ((. != 0x0)?0x4:0x1)
                0x0000000000041b38                . = ALIGN (0x4)
                0x0000000000041b38                . = ALIGN (0x4)
                0x0000000000041b38                _end = .
                0x0000000000041b38                PROVIDE (end, .)
                0x0000000000041b38                . = DATA_SEGMENT_END (.)

.stab
 *(.stab)

.stabstr
 *(.stabstr)

.stab.excl
 *(.stab.excl)

.stab.exclstr
 *(.stab.exclstr)

.stab.index
 *(.stab.index)

.stab.indexstr
 *(.stab.indexstr)

.comment        0x0000000000000000       0x2b
 *(.comment)
 .comment       0x0000000000000000       0x2b kernel/start.o
                                         0x2c (size before relaxing)
 .comment       0x0000000000000000       0x2c kernel/main.o
 .comment       0x0000000000000000       0x2c kernel/clock.o
 .comment       0x0000000000000000       0x2c kernel/keyboard.o
 .comment       0x0000000000000000       0x2c kernel/tty.o
 .comment       0x0000000000000000       0x2c kernel/console.o
 .comment       0x0000000000000000       0x2c kernel/i8259.o
 .comment       0x0000000000000000       0x2c kernel/global.o
 .comment       0x0000000000000000       0x2c kernel/protect.o
 .comment       0x0000000000000000       0x2c kernel/proc.o
 .comment       0x0000000000000000       0x2c kernel/systask.o
 .comment       0x0000000000000000       0x2c kernel/hd.o
 .comment       0x0000000000000000       0x2c kernel/klib.o
 .comment       0x0000000000000000       0x2c kernel/signal.o
 .comment       0x0000000000000000       0x2c lib/syslog.o
 .comment       0x0000000000000000       0x2c mm/main.o
 .comment       0x0000000000000000       0x2c mm/forkexit.o
 .comment       0x0000000000000000       0x2c mm/exec.o
 .comment       0x0000000000000000       0x2c fs/main.o
 .comment       0x0000000000000000       0x2c fs/open.o
 .comment       0x0000000000000000       0x2c fs/misc.o
 .comment       0x0000000000000000       0x2c fs/read_write.o
 .comment       0x0000000000000000       0x2c fs/link.o
 .comment       0x0000000000000000       0x2c fs/disklog.o
 .comment       0x0000000000000000       0x2c lib/orangescrt.a(printf.o)
 .comment       0x0000000000000000       0x2c lib/orangescrt.a(vsprintf.o)
 .comment       0x0000000000000000       0x2c lib/orangescrt.a(misc.o)
 .comment       0x0000000000000000       0x2c lib/orangescrt.a(open.o)
 .comment       0x0000000000000000       0x2c lib/orangescrt.a(read.o)
 .comment       0x0000000000000000       0x2c lib/orangescrt.a(write.o)
 .comment       0x0000000000000000       0x2c lib/orangescrt.a(close.o)
 .comment       0x0000000000000000       0x2c lib/orangescrt.a(getpid.o)
 .comment       0x0000000000000000       0x2c lib/orangescrt.a(stat.o)
 .comment       0x0000000000000000       0x2c lib/orangescrt.a(fork.o)
 .comment       0x0000000000000000       0x2c lib/orangescrt.a(wait.o)
 .comment       0x0000000000000000       0x2c lib/orangescrt.a(exec.o)

.debug
 *(.debug)

.line
 *(.line)

.debug_srcinfo
 *(.debug_srcinfo)

.debug_sfnames
 *(.debug_sfnames)

.debug_aranges
 *(.debug_aranges)

.debug_pubnames
 *(.debug_pubnames)

.debug_info
 *(.debug_info .gnu.linkonce.wi.*)

.debug_abbrev
 *(.debug_abbrev)

.debug_line
 *(.debug_line)

.debug_frame
 *(.debug_frame)

.debug_str
 *(.debug_str)

.debug_loc
 *(.debug_loc)

.debug_macinfo
 *(.debug_macinfo)

.debug_weaknames
 *(.debug_weaknames)

.debug_funcnames
 *(.debug_funcnames)

.debug_typenames
 *(.debug_typenames)

.debug_varnames
 *(.debug_varnames)

.debug_pubtypes
 *(.debug_pubtypes)

.debug_ranges
 *(.debug_ranges)

.gnu.attributes
 *(.gnu.attributes)

/DISCARD/
 *(.note.GNU-stack)
 *(.gnu_debuglink)
 *(.gnu.lto_*)
OUTPUT(kernel.bin elf32-i386)
